// Jest Snapshot v1, https://goo.gl/fbAQLP

exports[`RecipeCard component 1`] = `
.c10 {
  min-width: 100%;
  height: 30px;
  outline: none;
  border: none;
  border-radius: 4px;
  font-size: 1rem;
  font-family: 'Roboto',sans-serif;
}

.c10:hover {
  cursor: pointer;
}

.c10:focus-visible {
  outline: 3px solid #C6725880;
  outline-offset: 1px;
}

.c1 {
  margin: 0;
}

.c2 {
  min-height: 255px;
}

.c3 {
  -webkit-flex-shrink: 0;
  -ms-flex-negative: 0;
  flex-shrink: 0;
  -webkit-box-flex: 0;
  -webkit-flex-grow: 0;
  -ms-flex-positive: 0;
  flex-grow: 0;
  height: 255px;
  min-height: 255px;
  width: 100%;
  object-fit: cover;
}

.c4 {
  padding: 0 10px;
  margin: 5px 0 0;
  color: #121111;
  font-family: 'PT Serif Bold',serif;
  font-size: 1.25rem;
  display: block;
  white-space: nowrap;
  overflow: hidden;
  text-overflow: ellipsis;
}

.c5 {
  padding: 0 10px;
  margin: 7px 0 6px;
  color: #696262;
  font-family: 'Roboto Thin',sans-serif;
  font-size: 0.875rem;
  text-overflow: ellipsis;
  overflow: hidden;
  display: -webkit-box;
  -webkit-line-clamp: 3;
  -webkit-box-orient: vertical;
  white-space: normal;
}

.c6 {
  display: -webkit-box;
  display: -webkit-flex;
  display: -ms-flexbox;
  display: flex;
  -webkit-align-items: flex-end;
  -webkit-box-align: flex-end;
  -ms-flex-align: flex-end;
  align-items: flex-end;
  height: 100%;
  overflow: hidden;
}

.c7 {
  display: -webkit-box;
  display: -webkit-flex;
  display: -ms-flexbox;
  display: flex;
  width: 100%;
  -webkit-flex-wrap: wrap;
  -ms-flex-wrap: wrap;
  flex-wrap: wrap;
  -webkit-box-pack: center;
  -webkit-justify-content: center;
  -ms-flex-pack: center;
  justify-content: center;
  gap: 5px;
  padding: 5px 10px;
  margin: 0;
  max-height: 45px;
  list-style-position: inside;
  overflow: hidden;
}

.c8 {
  padding: 3px 10px 3px 4px;
  border-radius: 4px;
  text-align: center;
  -webkit-align-self: center;
  -ms-flex-item-align: center;
  align-self: center;
  color: #FBFDFD;
  background-color: #244E4B;
  font-family: 'Roboto Thin',sans-serif;
  font-size: 0.75rem;
}

.c0 {
  display: -webkit-box;
  display: -webkit-flex;
  display: -ms-flexbox;
  display: flex;
  -webkit-flex-direction: column;
  -ms-flex-direction: column;
  flex-direction: column;
  -webkit-box-pack: justify;
  -webkit-justify-content: space-between;
  -ms-flex-pack: justify;
  justify-content: space-between;
  width: 300px;
  max-width: 300px;
  height: 445px;
  max-height: 445px;
  border: 1px solid black;
  border-radius: 7px;
  overflow: hidden;
  cursor: pointer;
  background: rgba(36,78,75,0);
  -webkit-text-decoration: none;
  text-decoration: none;
}

.c9 {
  padding: 5px;
}

<div
  className="c0"
  data-testid="card"
  onClick={[Function]}
  onKeyPress={[Function]}
  style={
    Object {
      "backgroundColor": "#FBFDFD",
    }
  }
  tabIndex={0}
>
  <figure
    className="c1"
  >
    <div
      className="c2"
    >
      <img
        alt="Orexis, orgia, et ausus."
        className="c3"
        data-testid="image"
        src="Eheu, homo!"
      />
    </div>
    <figcaption
      className="c4"
    >
      Orexis, orgia, et ausus.
    </figcaption>
    <p
      className="c5"
    >
      Cur turpis observare?
    </p>
  </figure>
  <div
    className="c6"
  >
    <ul
      className="c7"
    >
      <li
        className="c8"
      >
        авокадо
      </li>
      <li
        className="c8"
      >
        манго
      </li>
    </ul>
  </div>
  <div
    className="c9"
  >
    <button
      className="c10"
      height="30px"
      onClick={[Function]}
      style={
        Object {
          "backgroundColor": "#C67258",
          "border": "#C67258 solid 0",
          "color": "#FBFDFD",
        }
      }
      type="button"
      width="100%"
    >
      Open recipe in new page
    </button>
  </div>
</div>
`;
