// Jest Snapshot v1, https://goo.gl/fbAQLP

exports[`Button test 1`] = `
.c0 {
  width: 150px;
  height: 30px;
  outline: none;
  border: none;
  border-radius: 4px;
  font-family: "Roboto",sans-serif;
  font-size: 1rem;
}

.c0:hover {
  cursor: pointer;
}

.c0:focus-visible {
  outline: 3px solid #c6725880;
  outline-offset: 1px;
}

<button
  className="c0"
  disabled={false}
  onClick={[MockFunction]}
  style={
    Object {
      "backgroundColor": "#c67258",
      "color": "#fbfdfd",
    }
  }
  type="button"
>
  snapshot
</button>
`;
